== fetching ROW01 -> https://app.notion.com/p/3d7a4137d236815bb5e3d2ec6c3b2869
saved 2803 bytes -> story_ROW01.md
== fetching ROW02 -> https://app.notion.com/p/3d7a4137d236814cb047ec23773a0918
saved 2657 bytes -> story_ROW02.md
== fetching ROW03 -> https://app.notion.com/p/3d7a4137d236816b9ba1da26d9c78d6e
saved 2651 bytes -> story_ROW03.md
== fetching ROW04 -> https://app.notion.com/p/3d7a4137d236811c99f6c347abaaef5c
EMPTY_PARSE for https://app.notion.com/p/3d7a4137d236811c99f6c347abaaef5c; raw:
<page url="https://app.notion.com/p/3d7a4137d236811c99f6c347abaaef5c">
<ancestor-path>
<parent-data-source url="collection://1c5f9fd8-ea3b-4290-a11d-98e173b03a07" name="FCF Mechanism Story｜Working R2"/>
<ancestor-2-database url="https://app.notion.com/p/282f4afd6fcd4a089b857eca02dc18da" title="FCF Mechanism Story｜Working R2"/>
<ancestor-3-page url="https://app.notion.com/p/3d6a4137d23681338596c10634e31c6b" title="鱼种参考库｜全库现实/策略研究与 FCF 机制发现 R2"/>
FAILED ROW04
== fetching ROW05 -> https://app.notion.com/p/3d7a4137d236815b80c2e23dac3be7eb
saved 2654 bytes -> story_ROW05.md
== fetching ROW06 -> https://app.notion.com/p/3d7a4137d236818892c9c5f1c0e4533e
saved 2652 bytes -> story_ROW06.md
== fetching ROW07 -> https://app.notion.com/p/3d7a4137d2368106b433ff866961c095
saved 2648 bytes -> story_ROW07.md
== fetching ROW08 -> https://app.notion.com/p/3d7a4137d23681cf900cddc64a083bba
saved 2647 bytes -> story_ROW08.md
== fetching ROW09 -> https://app.notion.com/p/3d7a4137d23681b8b0f8e4e1fc824257
saved 2609 bytes -> story_ROW09.md
== fetching ROW10 -> https://app.notion.com/p/3d7a4137d23681bf8602d799373dddd6
saved 2478 bytes -> story_ROW10.md
== fetching ROW11 -> https://app.notion.com/p/3d7a4137d236811b8160d0dfb297f56e
saved 2657 bytes -> story_ROW11.md
== fetching ROW12 -> https://app.notion.com/p/3d7a4137d23681c39446dde48c078624
saved 2650 bytes -> story_ROW12.md
== fetching ROW13 -> https://app.notion.com/p/3d7a4137d236814999ecf8b16a4ed86b
saved 2729 bytes -> story_ROW13.md
== fetching ROW14 -> https://app.notion.com/p/3d7a4137d236811c82e5d1d02f4e8a22
saved 2722 bytes -> story_ROW14.md
== fetching ROW15 -> https://app.notion.com/p/3d7a4137d23681739eaed37a4668f426
saved 2841 bytes -> story_ROW15.md
== fetching ROW16 -> https://app.notion.com/p/3d7a4137d23681c096bed186d4eb6ee7
saved 3172 bytes -> story_ROW16.md
== fetching ROW17 -> https://app.notion.com/p/3d7a4137d23681c4a80ac9828df1bb19
saved 2962 bytes -> story_ROW17.md
== fetching ROW18 -> https://app.notion.com/p/3d7a4137d23681468d6df2df98d42556
saved 2983 bytes -> story_ROW18.md
== fetching ROW19 -> https://app.notion.com/p/3d7a4137d23681a09856e09c85eaa548
saved 2765 bytes -> story_ROW19.md
== fetching ROW20 -> https://app.notion.com/p/3d7a4137d2368170847be36f0c3a2da9
EMPTY_PARSE for https://app.notion.com/p/3d7a4137d2368170847be36f0c3a2da9; raw:
&lt;&lt;SNAPSHOT_BEGIN&gt;&gt;
&lt;page url="https://app.notion.com/p/3d7a4137d2368170847be36f0c3a2da9"&gt;
&lt;ancestor-path&gt;
&lt;parent-data-source url="collection://1c5f9fd8-ea3b-4290-a11d-98e173b03a07" name="FCF Mechanism Story｜Working R2"/&gt;
&lt;ancestor-2-database url="https://app.notion.com/p/282f4afd6fcd4a089b857eca02dc18da" title="FCF Mechanism Story｜Working R2"/&gt;
FAILED ROW20
== fetching ROW21 -> https://app.notion.com/p/3d7a4137d23681e892d4d8a4c4cfc9bb
saved 2835 bytes -> story_ROW21.md
== fetching ROW22 -> https://app.notion.com/p/3d7a4137d23681cd95fbe74a22d1d9db
saved 2628 bytes -> story_ROW22.md
== fetching ROW23 -> https://app.notion.com/p/3d7a4137d236819f9475d1766007ccc8
saved 2685 bytes -> story_ROW23.md
== fetching ROW24 -> https://app.notion.com/p/3d7a4137d23681fca30dedac6ddd2856
saved 2879 bytes -> story_ROW24.md
== fetching ROW25 -> https://app.notion.com/p/3d7a4137d2368184808aee1ee2529b3c
EMPTY_PARSE for https://app.notion.com/p/3d7a4137d2368184808aee1ee2529b3c; raw:
&lt;&lt;SNAPSHOT_BEGIN&gt;&gt;

&lt;page url="https://app.notion.com/p/3d7a4137d2368184808aee1ee2529b3c"&gt;
&lt;ancestor-path&gt;
&lt;parent-data-source url="collection://1c5f9fd8-ea3b-4290-a11d-98e173b03a07" name="FCF Mechanism Story｜Working R2"/&gt;
FAILED ROW25
== fetching ROW26 -> https://app.notion.com/p/3d7a4137d2368125831fc171a2e93c58
EMPTY_PARSE for https://app.notion.com/p/3d7a4137d2368125831fc171a2e93c58; raw:
<page url="https://app.notion.com/p/3d7a4137d2368125831fc171a2e93c58">
<ancestor-path>
<parent-data-source url="collection://1c5f9fd8-ea3b-4290-a11d-98e173b03a07" name="FCF Mechanism Story｜Working R2"/>
<ancestor-2-database url="https://app.notion.com/p/282f4afd6fcd4a089b857eca02dc18da" title="FCF Mechanism Story｜Working R2"/>
<ancestor-3-page url="https://app.notion.com/p/3d6a4137d23681338596c10634e31c6b" title="鱼种参考库｜全库现实/策略研究与 FCF 机制发现 R2"/>
FAILED ROW26
== fetching ROW27 -> https://app.notion.com/p/3d7a4137d2368171bc75ef7259f75789
saved 2844 bytes -> story_ROW27.md
== fetching ROW28 -> https://app.notion.com/p/3d7a4137d2368123b84bdfcad0c1fd77
saved 3072 bytes -> story_ROW28.md
== fetching ROW29 -> https://app.notion.com/p/3d7a4137d2368131a6bff4842e29faa8
saved 2698 bytes -> story_ROW29.md
== fetching ROW30 -> https://app.notion.com/p/3d7a4137d23681c684c8dc87df817137
saved 2509 bytes -> story_ROW30.md
== fetching ROW31 -> https://app.notion.com/p/3d7a4137d236816388a9dab075a2efbb
saved 2564 bytes -> story_ROW31.md
== fetching ROW32 -> https://app.notion.com/p/3d7a4137d236814da518f55de491fd74
saved 2683 bytes -> story_ROW32.md
== fetching ROW33 -> https://app.notion.com/p/3d7a4137d23681199170c957a1741514
saved 2574 bytes -> story_ROW33.md
== fetching ROW34 -> https://app.notion.com/p/3d7a4137d23681a78225d1bacd38b1ca
saved 2556 bytes -> story_ROW34.md
== fetching ROW35 -> https://app.notion.com/p/3d7a4137d236819b81d5fcdcf8285451
saved 2641 bytes -> story_ROW35.md
== fetching ROW36 -> https://app.notion.com/p/3d7a4137d2368193b009c192b068fc3c
saved 2558 bytes -> story_ROW36.md
== fetching ROW37 -> https://app.notion.com/p/3d7a4137d23681db944efd760f8ebe94
saved 2690 bytes -> story_ROW37.md
== fetching ROW38 -> https://app.notion.com/p/3d7a4137d2368165b516fa5f44d871b5
EMPTY_PARSE for https://app.notion.com/p/3d7a4137d2368165b516fa5f44d871b5; raw:
<<快照开始>>
以下是截至 2026-09-10T16:45:10.330Z，URL 为 https://app.notion.com/p/3d7a4137d2368165b516fa5f44d871b5 的页面“fetch”的结果：

<page url="https://app.notion.com/p/3d7a4137d2368165b516fa5f44d871b5">
<ancestor-path>
FAILED ROW38
== fetching ROW39 -> https://app.notion.com/p/3d7a4137d23681de813bf105de96e004
saved 2933 bytes -> story_ROW39.md
== fetching ROW40 -> https://app.notion.com/p/3d7a4137d23681018e8fec8281f1f43e
saved 2558 bytes -> story_ROW40.md
== fetching ROW41 -> https://app.notion.com/p/3d7a4137d2368144a875d04ceaa100e4
saved 2449 bytes -> story_ROW41.md
== fetching ROW42 -> https://app.notion.com/p/3d7a4137d2368198a8b6d0e5b23c89b5
saved 2565 bytes -> story_ROW42.md
== fetching ROW43 -> https://app.notion.com/p/3d7a4137d236812a9616e679fd88e54e
saved 565 bytes -> story_ROW43.md
== fetching ROW44 -> https://app.notion.com/p/3d7a4137d236810495c2c7c9ae82ee73
saved 2726 bytes -> story_ROW44.md
== fetching ROW45 -> https://app.notion.com/p/3d7a4137d23681c6b5c2ff8c9dae1d60
saved 2548 bytes -> story_ROW45.md
== fetching ROW46 -> https://app.notion.com/p/3d7a4137d2368107b563fefd977c8ef5
saved 534 bytes -> story_ROW46.md
== fetching ROW47 -> https://app.notion.com/p/3d7a4137d23681cea7a7de48ed603f54
saved 2567 bytes -> story_ROW47.md
ALL_DONE
