== fetching SAF -> https://app.notion.com/p/3d7a4137d2368119b6aaf8457de89541
saved 4311 bytes -> story_SAF.md
== fetching ARO -> https://app.notion.com/p/3d7a4137d23681f2b556def8bd21ff9a
saved 3828 bytes -> story_ARO.md
== fetching CSL -> https://app.notion.com/p/3d7a4137d23681d3a9c6ca05ecbadac6
saved 1679 bytes -> story_CSL.md
== fetching AKB -> https://app.notion.com/p/3d7a4137d236815ebb30d511f8bab74b
EMPTY_PARSE for https://app.notion.com/p/3d7a4137d236815ebb30d511f8bab74b; raw:
&lt;&lt;SNAPSHOT_BEGIN&gt;&gt;
以下是截至 2026-09-10T14:14:39.516Z，针对 URL 为 https://app.notion.com/p/3d7a4137d236815ebb30d511f8bab74b 的页面 “fetch” 的结果：

```
<page url="https://app.notion.com/p/3d7a4137d236815ebb30d511f8bab74b">
FAILED AKB
== fetching MHS -> https://app.notion.com/p/3d7a4137d2368181a4d4fdd6f64bebcd
saved 3451 bytes -> story_MHS.md
== fetching SPM -> https://app.notion.com/p/3d7a4137d2368179bf16e7b791f5ab3f
saved 1394 bytes -> story_SPM.md
== fetching YFT -> https://app.notion.com/p/3d7a4137d23681d888a4cd74dce4054a
saved 3493 bytes -> story_YFT.md
== fetching STM -> https://app.notion.com/p/3d7a4137d23681799923cd392bfc0f0a
saved 3443 bytes -> story_STM.md
== fetching ALB -> https://app.notion.com/p/3d7a4137d2368181a585d84a7f8aa4b4
EMPTY_PARSE for https://app.notion.com/p/3d7a4137d2368181a585d84a7f8aa4b4; raw:
&lt;&lt;SNAPSHOT_BEGIN&gt;&gt;
以下是针对 URL https://app.notion.com/p/3d7a4137d2368181a585d84a7f8aa4b4 的 “fetch” 结果，时间截至 2026-09-10T14:01:04.701Z：
&lt;page url="https://app.notion.com/p/3d7a4137d2368181a585d84a7f8aa4b4"&gt;
&lt;ancestor-path&gt;
&lt;parent-data-source url="collection://1c5f9fd8-ea3b-4290-a11d-98e173b03a07" name="FCF Mechanism Story｜Working R2"/&gt;
FAILED ALB
== fetching STL -> https://app.notion.com/p/3d7a4137d23681f28078f0a1e7e33d7a
saved 4114 bytes -> story_STL.md
== fetching ARG -> https://app.notion.com/p/3d7a4137d23681c49e17eb4573c4c867
saved 1494 bytes -> story_ARG.md
== fetching LKT -> https://app.notion.com/p/3d7a4137d2368145b413ff9f36b5ac8e
saved 3370 bytes -> story_LKT.md
== fetching RHM -> https://app.notion.com/p/3d7a4137d236817eb518fae0be954105
saved 3505 bytes -> story_RHM.md
== fetching RBP -> https://app.notion.com/p/3d7a4137d23681018e5fceb06333f0d5
saved 3267 bytes -> story_RBP.md
== fetching TMU -> https://app.notion.com/p/3d7a4137d2368133bf92dec11cd68662
saved 3826 bytes -> story_TMU.md
== fetching SPK -> https://app.notion.com/p/3d7a4137d236817c84b1fa57bdf2f261
saved 3324 bytes -> story_SPK.md
== fetching DTN -> https://app.notion.com/p/3d7a4137d23681b0b2c9d9b4412ad818
saved 3399 bytes -> story_DTN.md
== fetching GAJ -> https://app.notion.com/p/3d7a4137d2368193a31defe1eca576cb
saved 3242 bytes -> story_GAJ.md
== fetching HAD -> https://app.notion.com/p/3d7a4137d2368107afcbf98c58e257a0
saved 3243 bytes -> story_HAD.md
== fetching BPB -> https://app.notion.com/p/3d7a4137d23681e6a00fdd24fdca6535
saved 3329 bytes -> story_BPB.md
== fetching RVC -> https://app.notion.com/p/3d7a4137d236812da391def70534e735
FETCH_FAILED: https://app.notion.com/p/3d7a4137d236812da391def70534e735
FETCH_FAIL 未发生，fetch 成功。以下为 fetch 返回的页面全文逐字输出：

<<SNAPSHOT_BEGIN>>
Here is the result of "fetch" for the Page with URL https://app.notion.com/p/3d7a4137d236812da391def70534e735 as of 2026-09-10T14:03:48.151Z:
<page url="https://app.notion.com/p/3d7a4137d236812da391def70534e735">
<ancestor-path>
<parent-data-source url="collection://1c5f9fd8-ea3b-4290-a11d-98e173b03a07" name="FCF Mechanism Story｜Working R2"/>
<ancestor-2-database url="https://app.notion.com/p/282f4afd6fcd4a089b857eca02dc18da" title="FCF Mechanism Story｜Working R2"/>
<ancestor-3-page url="https://app.notion.com/p/3d6a4137d23681338596c10634e31c6b" title="鱼种参考库｜全库现实/策略研究与 FCF 机制发现 R2"/>
<ancestor-4-page url="https://app.notion.com/p/3d5a4137d23681a28bc7e3c75172feb8" title="公共资料｜鱼种参考资料库｜V3鱼总表精选"/>
<ancestor-5-page url="https://app.notion.com/p/3cca4137d2368152bcd4dadaa0ab9e47" title="Fish-Centric Conditional Funnel｜Start Here / Agent Router"/>
</ancestor-path>
<properties>
{"BatchID":"FISH-R08","Confidence":"Medium","ContractVersion":"AUDIT-R2","CoverageDelta":"None","EvidenceState":"Evidence Open","EvidenceSummary":"FishBase Nocomis micropogon（岩池急流；食性无述 EO；石巢行为本种页未述 EO——同属 biguttatus R07 先例）","FCFVerdict":"Default","FishModePressure":"None","GroupPressure":"None","PatternFit":"Existing Pattern","PrimaryEvaluand":["Discrete Target"],"RepresentationHandoff":"Not Ready","ResearchDepth":"L2","ResponseChannels":["TargetFeeding"],"ReviewStatus":"Self-QA Passed","Semantic Pattern":["https://app.notion.com/p/3d6a4137d236812ebe4debf960c18987"],"SourceWorkingURL":"https://www.fishbase.se/summary/Nocomis-micropogon.html","SpatialPattern":["Static Habitat"],"Species":["https://app.notion.com/p/3d7a4137d236815485dcf8db892c3fb2"],"Story":"FISH-R08｜小须美鱥｜River Chub｜Nocomis Congeneric Default","StoryDomain":["Ordinary Feeding","Spatial/Habitat"],"TriggerPressure":"Posture Grain OK","url":"https://app.notion.com/p/3d7a4137d236812da391def70534e735"}
</properties>
<iconMetadata>null</iconMetadata>
<content>
内容作者：FCF-FISH-RESEARCHER｜BATCH_ID: FISH-R08｜ContractVersion: AUDIT-R2｜物理写入：持久角色会话自写自核｜ReviewStatus: Self-QA Passed
## Reality Baseline
"Adults inhabit rocky runs and flowing pools of small to medium rivers"；食性 FishBase 无述（EO）；石巢行为本种页未述（同属 Nocomis biguttatus R07 石巢先例，EO）；trophic 3.2。
## Story / State Scope
岩池急流；石巢假说开放。
## Strategy Story
非 gamefish；S10=SN。
## Evidence
- [FishBase species record](https://www.fishbase.se/summary/Nocomis-micropogon.html)（访问 2026-09-10）
## FCF Interpretation
P01；石巢行为=同属先例假说（Nocomis 属石巢广泛记载但本种页未述——EO 不写为事实；若证实则 P04 同型）。
## Lowest-Power Explanation
P01 即足。
## Competing Explanation
无实质竞争解释。
## Semantic Pattern Fit
P01（Existing Pattern；石巢 P04 假说 EO）。
## Verdict / Confidence / ResearchDepth
Default；Medium；L2。
## Open Questions
食性；本种石巢行为引文。
## Sweep Surface Log
S1 EO(食性无述)｜S2 SN｜S3 SN｜S4 SN｜S5 SN｜S6 EO(石巢假说)｜S7 EO｜S8 MSF(岩池急流)｜S9 SN｜S10 SN｜S11 SN
</content>
</page>
<<SNAPSHOT_END>>
FAILED RVC
== fetching CRC -> https://app.notion.com/p/3d7a4137d2368150beaaef2c28407ff4
saved 1580 bytes -> story_CRC.md
== fetching INC -> https://app.notion.com/p/3d7a4137d23681c9bbb9c6c60cc3671d
EMPTY_PARSE for https://app.notion.com/p/3d7a4137d23681c9bbb9c6c60cc3671d; raw:
<page url="https://app.notion.com/p/3d7a4137d23681c9bbb9c6c60cc3671d">
<ancestor-path>
<parent-data-source url="collection://1c5f9fd8-ea3b-4290-a11d-98e173b03a07" name="FCF Mechanism Story｜Working R2"/>
<ancestor-2-database url="https://app.notion.com/p/282f4afd6fcd4a089b857eca02dc18da" title="FCF Mechanism Story｜Working R2"/>
<ancestor-3-page url="https://app.notion.com/p/3d6a4137d23681338596c10634e31c6b" title="鱼种参考库｜全库现实/策略研究与 FCF 机制发现 R2"/>
FAILED INC
== fetching HBW -> https://app.notion.com/p/3d7a4137d2368145bce1f564a311de52
EMPTY_PARSE for https://app.notion.com/p/3d7a4137d2368145bce1f564a311de52; raw:
<page url="https://app.notion.com/p/3d7a4137d2368145bce1f564a311de52">
<ancestor-path>
<parent-data-source url="collection://1c5f9fd8-ea3b-4290-a11d-98e173b03a07" name="FCF Mechanism Story｜Working R2"/>
<ancestor-2-database url="https://app.notion.com/p/282f4afd6fcd4a089b857eca02dc18da" title="FCF Mechanism Story｜Working R2"/>
<ancestor-3-page url="https://app.notion.com/p/3d6a4137d23681338596c10634e31c6b" title="鱼种参考库｜全库现实/策略研究与 FCF 机制发现 R2"/>
FAILED HBW
== fetching CLC -> https://app.notion.com/p/3d7a4137d23681d6b645f7b5bc07a13b
saved 3320 bytes -> story_CLC.md
== fetching RTC -> https://app.notion.com/p/3d7a4137d23681098c55e5705ef95962
saved 1230 bytes -> story_RTC.md
== fetching WST -> https://app.notion.com/p/3d7a4137d236813187adddcd69543f07
saved 3875 bytes -> story_WST.md
== fetching ROB -> https://app.notion.com/p/3d7a4137d2368118a72cf8959f9bd1b0
EMPTY_PARSE for https://app.notion.com/p/3d7a4137d2368118a72cf8959f9bd1b0; raw:
&lt;&lt;SNAPSHOT_BEGIN&gt;&gt;
以下是截至 2026-09-10T14:51:19.531Z，URL 为 https://app.notion.com/p/3d7a4137d2368118a72cf8959f9bd1b0 的页面的“fetch”结果：
&lt;page url="https://app.notion.com/p/3d7a4137d2368118a72cf8959f9bd1b0"&gt;
&lt;ancestor-path&gt;
&lt;parent-data-source url="collection://1c5f9fd8-ea3b-4290-a11d-98e173b03a07" name="FCF Mechanism Story｜Working R2"/&gt;
FAILED ROB
== fetching KGO -> https://app.notion.com/p/3d7a4137d23681b68b31d8c5b9599e00
saved 3369 bytes -> story_KGO.md
== fetching LMD -> https://app.notion.com/p/3d7a4137d23681bb8fd0d8734eb329b2
saved 3118 bytes -> story_LMD.md
== fetching MDC -> https://app.notion.com/p/3d7a4137d23681bdb8d9caf7e494d0a4
saved 3246 bytes -> story_MDC.md
== fetching JGC -> https://app.notion.com/p/3d7a4137d2368184a040d081eee7d919
saved 1182 bytes -> story_JGC.md
== fetching SPC -> https://app.notion.com/p/3d7a4137d2368187ad00e324e1380b54
saved 3026 bytes -> story_SPC.md
== fetching TGT -> https://app.notion.com/p/3d7a4137d23681d79933d7ffd8993431
saved 3399 bytes -> story_TGT.md
== fetching HYC -> https://app.notion.com/p/3d7a4137d23681f2ad7ee79384e1e421
saved 3331 bytes -> story_HYC.md
== fetching PRC -> https://app.notion.com/p/3d7a4137d2368176a3e3dd6402dae8ba
saved 3510 bytes -> story_PRC.md
== fetching CCR -> https://app.notion.com/p/3d7a4137d2368191b66eed0bad664c99
saved 3258 bytes -> story_CCR.md
== fetching APA -> https://app.notion.com/p/3d7a4137d236819db21adddce653b2e1
saved 3286 bytes -> story_APA.md
== fetching GOT -> https://app.notion.com/p/3d7a4137d236818bbf6dc0f9aedb4643
saved 3111 bytes -> story_GOT.md
== fetching GIT -> https://app.notion.com/p/3d7a4137d236812a8564fe14934880c6
saved 3092 bytes -> story_GIT.md
== fetching SVT -> https://app.notion.com/p/3d7a4137d236812c94eef4acbd36b2c0
FETCH_FAILED: https://app.notion.com/p/3d7a4137d236812c94eef4acbd36b2c0
FETCH_FAIL 之外的情况——fetch 成功。以下为逐字输出：

<<SNAPSHOT_BEGIN>>
Here is the result of "fetch" for the Page with URL https://app.notion.com/p/3d7a4137d236812c94eef4acbd36b2c0 as of 2026-09-10T14:52:54.329Z:
<page url="https://app.notion.com/p/3d7a4137d236812c94eef4acbd36b2c0">
<ancestor-path>
<parent-data-source url="collection://1c5f9fd8-ea3b-4290-a11d-98e173b03a07" name="FCF Mechanism Story｜Working R2"/>
<ancestor-2-database url="https://app.notion.com/p/282f4afd6fcd4a089b857eca02dc18da" title="FCF Mechanism Story｜Working R2"/>
<ancestor-3-page url="https://app.notion.com/p/3d6a4137d23681338596c10634e31c6b" title="鱼种参考库｜全库现实/策略研究与 FCF 机制发现 R2"/>
<ancestor-4-page url="https://app.notion.com/p/3d5a4137d23681a28bc7e3c75172feb8" title="公共资料｜鱼种参考资料库｜V3鱼总表精选"/>
<ancestor-5-page url="https://app.notion.com/p/3cca4137d2368152bcd4dadaa0ab9e47" title="Fish-Centric Conditional Funnel｜Start Here / Agent Router"/>
</ancestor-path>
<properties>
{"BatchID":"FISH-R09","Confidence":"High","ContractVersion":"AUDIT-R2","CoverageDelta":"None","EvidenceState":"Evidence Open","EvidenceSummary":"FishBase Salmo ischchan（塞凡湖特有；端足类专食；双种群季节分离产卵；季节近岸/深水移动；CR；gamefish）","FCFVerdict":"Default","FishModePressure":"None","GroupPressure":"None","PatternFit":"Existing Pattern","PrimaryEvaluand":["Discrete Target"],"RepresentationHandoff":"Not Ready","ResearchDepth":"L2","ResponseChannels":["TargetFeeding"],"ReviewStatus":"Self-QA Passed","Semantic Pattern":["https://app.notion.com/p/3d6a4137d236812ebe4debf960c18987","https://app.notion.com/p/3d6a4137d2368131a7c1ec70105a5e0b"],"SourceWorkingURL":"https://www.fishbase.se/summary/Salmo-ischchan.html","SpatialPattern":["Slow Reorder"],"Species":["https://app.notion.com/p/3d7a4137d23681228dc5d525c1415a02"],"Story":"FISH-R09｜塞凡湖鳟｜Sevan Trout｜Lake-Endemic Dual-Stock Specialist","StoryDomain":["Ordinary Feeding","Reproduction/Guard","Spatial/Habitat"],"TriggerPressure":"Posture Grain OK","url":"https://app.notion.com/p/3d7a4137d236812c94eef4acbd36b2c0"}
</properties>
<iconMetadata>null</iconMetadata>
<content>
内容作者：FCF-FISH-RESEARCHER｜BATCH_ID: FISH-R09｜ContractVersion: AUDIT-R2｜物理写入：持久角色会话自写自核｜ReviewStatus: Self-QA Passed
## Reality Baseline
塞凡湖特有；湖内 0.5-3m 细砾石产卵（双种群不同角落/季节 11-12 月与 1-3 月）；成鱼 "feed exclusively on sand hoppers (Amphipoda)"（端足类专食）；季节近岸/深水移动；CR。
## Story / State Scope
湖内特有 + 专食端足 + 双种群季节分离。
## Strategy Story
gamefish（严格限制）；S10=EO。
## Evidence
- [FishBase species record](https://www.fishbase.se/summary/Salmo-ischchan.html)（访问 2026-09-10）
## FCF Interpretation
P01（端足类专食 typed context）+ P05（双种群季节分离——同种空间时间分离供给例）；湖内完成生活史（非洄游型鲑系）。
## Lowest-Power Explanation
P01+P05 即足。
## Competing Explanation
无实质竞争解释。
## Semantic Pattern Fit
P01+P05（Existing Pattern）。
## Verdict / Confidence / ResearchDepth
Default；High；L2。
## Open Questions
限制钓法语义；CR 保护边界。
## Sweep Surface Log
S1 MSF(端足类专食)｜S2 SN｜S3 SN｜S4 SN｜S5 SN(湖内移动非洄游)｜S6 MSF(双种群季节分离产卵)｜S7 EO｜S8 MSF(湖内)｜S9 SN｜S10 EO(限制)｜S11 SN
</content>
</page>
<<SNAPSHOT_END>>
FAILED SVT
== fetching PEL -> https://app.notion.com/p/3d7a4137d23681698c3ec857e0f936ba
saved 3214 bytes -> story_PEL.md
== fetching CMR -> https://app.notion.com/p/3d7a4137d23681d8a4a9d0fc32c41407
saved 1266 bytes -> story_CMR.md
== fetching LKR -> https://app.notion.com/p/3d7a4137d2368152a0ecd8b5939cab48
EMPTY_PARSE for https://app.notion.com/p/3d7a4137d2368152a0ecd8b5939cab48; raw:
&lt;&lt;SNAPSHOT_BEGIN&gt;&gt;
以下是截至 2026-09-10T15:03:10.464Z，URL 为 https://app.notion.com/p/3d7a4137d2368152a0ecd8b5939cab48 的页面的“fetch”结果：
&lt;page url="https://app.notion.com/p/3d7a4137d2368152a0ecd8b5939cab48"&gt;
&lt;ancestor-path&gt;
&lt;parent-data-source url="collection://1c5f9fd8-ea3b-4290-a11d-98e173b03a07" name="FCF Mechanism Story｜Working R2"/&gt;
FAILED LKR
== fetching ASP -> https://app.notion.com/p/3d7a4137d23681ea892ffc8e9715678f
saved 3517 bytes -> story_ASP.md
== fetching BIA -> https://app.notion.com/p/3d7a4137d23681698a9cc1805a8f7425
saved 3074 bytes -> story_BIA.md
== fetching HLL -> https://app.notion.com/p/3d7a4137d2368183a3f2d34097ae916e
saved 3059 bytes -> story_HLL.md
== fetching BAS -> https://app.notion.com/p/3d7a4137d23681459c6afea8475b6ad5
saved 3355 bytes -> story_BAS.md
== fetching JDP -> https://app.notion.com/p/3d7a4137d236811ebb5aefb0cbcac9a0
saved 3352 bytes -> story_JDP.md
== fetching LMP -> https://app.notion.com/p/3d7a4137d236811ebec0cc6c0640ef44
saved 3608 bytes -> story_LMP.md
== fetching AMK -> https://app.notion.com/p/3d7a4137d236819d8b05fa1bb6a6f16e
saved 3426 bytes -> story_AMK.md
== fetching GSF -> https://app.notion.com/p/3d7a4137d23681a99a88d40a0a11075b
saved 3288 bytes -> story_GSF.md
ALL_DONE
