SKIP SAF (exists)
SKIP ARO (exists)
SKIP CSL (exists)
SKIP AKB (exists)
SKIP MHS (exists)
SKIP SPM (exists)
SKIP YFT (exists)
SKIP STM (exists)
SKIP ALB (exists)
SKIP STL (exists)
SKIP ARG (exists)
SKIP LKT (exists)
SKIP RHM (exists)
SKIP RBP (exists)
SKIP TMU (exists)
SKIP SPK (exists)
SKIP DTN (exists)
SKIP GAJ (exists)
SKIP HAD (exists)
SKIP BPB (exists)
== fetching RVC -> https://app.notion.com/p/3d7a4137d236812da391def70534e735
saved 3302 bytes -> story_RVC.md
SKIP CRC (exists)
SKIP INC (exists)
SKIP HBW (exists)
SKIP CLC (exists)
SKIP RTC (exists)
SKIP WST (exists)
== fetching ROB -> https://app.notion.com/p/3d7a4137d2368118a72cf8959f9bd1b0
saved 3289 bytes -> story_ROB.md
SKIP KGO (exists)
SKIP LMD (exists)
SKIP MDC (exists)
SKIP JGC (exists)
SKIP SPC (exists)
SKIP TGT (exists)
SKIP HYC (exists)
SKIP PRC (exists)
SKIP CCR (exists)
SKIP APA (exists)
SKIP GOT (exists)
SKIP GIT (exists)
SKIP SVT (exists)
SKIP PEL (exists)
SKIP CMR (exists)
SKIP LKR (exists)
SKIP ASP (exists)
SKIP BIA (exists)
SKIP HLL (exists)
SKIP BAS (exists)
SKIP JDP (exists)
SKIP LMP (exists)
SKIP AMK (exists)
SKIP GSF (exists)
ALL_DONE
